
===========================================================================
report_checks -unconstrained
===========================================================================
======================= Typical Corner ===================================

Startpoint: _477_ (rising edge-triggered flip-flop clocked by clk)
Endpoint: mac_out[11] (output port clocked by clk)
Path Group: clk
Path Type: max

Fanout     Cap    Slew   Delay    Time   Description
-----------------------------------------------------------------------------
                          0.00    0.00   clock clk (rise edge)
                          0.00    0.00   clock source latency
                  0.08    0.05    0.05 ^ clk (in)
     1    0.02                           clk (net)
                  0.08    0.00    0.05 ^ clkbuf_0_clk/A (sky130_fd_sc_hd__clkbuf_16)
                  0.05    0.15    0.21 ^ clkbuf_0_clk/X (sky130_fd_sc_hd__clkbuf_16)
     4    0.03                           clknet_0_clk (net)
                  0.05    0.00    0.21 ^ clkbuf_2_1__f_clk/A (sky130_fd_sc_hd__clkbuf_16)
                  0.06    0.15    0.36 ^ clkbuf_2_1__f_clk/X (sky130_fd_sc_hd__clkbuf_16)
    13    0.04                           clknet_2_1__leaf_clk (net)
                  0.06    0.00    0.36 ^ _477_/CLK (sky130_fd_sc_hd__dfxtp_1)
                  0.21    0.45    0.81 ^ _477_/Q (sky130_fd_sc_hd__dfxtp_1)
     6    0.02                           net14 (net)
                  0.21    0.00    0.81 ^ output14/A (sky130_fd_sc_hd__buf_2)
                  0.17    0.26    1.08 ^ output14/X (sky130_fd_sc_hd__buf_2)
     1    0.03                           mac_out[11] (net)
                  0.17    0.00    1.08 ^ mac_out[11] (out)
                                  1.08   data arrival time

                         10.00   10.00   clock clk (rise edge)
                          0.00   10.00   clock network delay (propagated)
                         -0.25    9.75   clock uncertainty
                          0.00    9.75   clock reconvergence pessimism
                         -2.00    7.75   output external delay
                                  7.75   data required time
-----------------------------------------------------------------------------
                                  7.75   data required time
                                 -1.08   data arrival time
-----------------------------------------------------------------------------
                                  6.67   slack (MET)




===========================================================================
report_checks --slack_max -0.01
============================================================================
======================= Typical Corner ===================================

No paths found.


===========================================================================
 report_check_types -max_slew -max_cap -max_fanout -violators
============================================================================
======================= Typical Corner ===================================

max fanout

Pin                                   Limit Fanout  Slack
---------------------------------------------------------
clkbuf_2_1__f_clk/X                      10     13     -3 (VIOLATED)
clkbuf_2_2__f_clk/X                      10     13     -3 (VIOLATED)
clkbuf_2_0__f_clk/X                      10     12     -2 (VIOLATED)
clkbuf_2_3__f_clk/X                      10     12     -2 (VIOLATED)



===========================================================================
report_parasitic_annotation -report_unannotated
============================================================================
Found 339 unannotated drivers.
 a[0]
 a[1]
 a[2]
 a[3]
 b[0]
 b[1]
 b[2]
 b[3]
 clk
 rst
 start
 _218_/X
 _219_/Y
 _220_/X
 _221_/Y
 _222_/Y
 _223_/X
 _224_/Y
 _225_/X
 _226_/Y
 _227_/X
 _228_/X
 _229_/X
 _230_/Y
 _231_/Y
 _232_/X
 _233_/X
 _234_/X
 _235_/X
 _236_/Y
 _237_/Y
 _238_/X
 _239_/Y
 _240_/Y
 _241_/X
 _242_/X
 _243_/Y
 _244_/Y
 _245_/X
 _246_/X
 _247_/X
 _248_/Y
 _249_/X
 _250_/Y
 _251_/Y
 _252_/X
 _253_/Y
 _254_/X
 _255_/X
 _256_/X
 _257_/Y
 _258_/X
 _259_/Y
 _260_/Y
 _261_/Y
 _262_/Y
 _263_/X
 _264_/X
 _265_/X
 _266_/Y
 _267_/X
 _268_/Y
 _269_/Y
 _270_/Y
 _271_/Y
 _272_/X
 _273_/X
 _274_/X
 _275_/Y
 _276_/X
 _277_/Y
 _278_/X
 _279_/X
 _280_/X
 _281_/Y
 _282_/X
 _283_/X
 _284_/Y
 _285_/X
 _286_/Y
 _287_/X
 _288_/X
 _289_/Y
 _290_/Y
 _291_/X
 _292_/X
 _293_/X
 _294_/X
 _295_/X
 _296_/Y
 _297_/X
 _298_/X
 _299_/X
 _300_/X
 _301_/Y
 _302_/X
 _303_/Y
 _304_/X
 _305_/Y
 _306_/Y
 _307_/X
 _308_/X
 _309_/X
 _310_/X
 _311_/X
 _312_/X
 _313_/X
 _314_/X
 _315_/X
 _316_/X
 _317_/X
 _318_/Y
 _319_/X
 _320_/X
 _321_/X
 _322_/X
 _323_/X
 _324_/X
 _325_/X
 _326_/X
 _327_/X
 _328_/X
 _329_/X
 _330_/X
 _331_/X
 _332_/X
 _333_/X
 _334_/X
 _335_/X
 _336_/X
 _337_/X
 _338_/X
 _339_/Y
 _340_/Y
 _341_/Y
 _342_/Y
 _343_/X
 _344_/Y
 _345_/Y
 _346_/X
 _347_/Y
 _348_/X
 _349_/Y
 _350_/X
 _351_/Y
 _352_/X
 _353_/X
 _354_/X
 _355_/Y
 _356_/Y
 _357_/Y
 _358_/X
 _359_/Y
 _360_/X
 _361_/X
 _362_/X
 _363_/X
 _364_/Y
 _365_/Y
 _366_/X
 _367_/Y
 _368_/X
 _369_/X
 _370_/X
 _371_/X
 _372_/Y
 _373_/Y
 _374_/X
 _375_/Y
 _376_/X
 _377_/X
 _378_/X
 _379_/X
 _380_/Y
 _381_/Y
 _382_/X
 _383_/Y
 _384_/X
 _385_/X
 _386_/X
 _387_/X
 _388_/Y
 _389_/X
 _390_/X
 _391_/X
 _392_/Y
 _393_/Y
 _394_/X
 _395_/X
 _396_/X
 _397_/Y
 _398_/X
 _399_/Y
 _400_/X
 _401_/Y
 _402_/Y
 _403_/X
 _404_/X
 _405_/Y
 _406_/Y
 _407_/X
 _408_/X
 _409_/X
 _410_/X
 _411_/X
 _412_/X
 _413_/X
 _414_/X
 _415_/X
 _416_/X
 _417_/X
 _418_/X
 _419_/Y
 _420_/Y
 _421_/X
 _422_/Y
 _423_/Y
 _424_/Y
 _425_/X
 _426_/X
 _427_/X
 _428_/X
 _429_/X
 _430_/X
 _431_/X
 _432_/X
 _433_/X
 _434_/X
 _435_/X
 _436_/Q
 _437_/Q
 _438_/Q
 _439_/Q
 _440_/Q
 _441_/Q
 _442_/Q
 _443_/Q
 _444_/Q
 _445_/Q
 _446_/Q
 _447_/Q
 _448_/Q
 _449_/Q
 _450_/Q
 _451_/Q
 _452_/Q
 _453_/Q
 _454_/Q
 _455_/Q
 _456_/Q
 _457_/Q
 _458_/Q
 _459_/Q
 _460_/Q
 _461_/Q
 _462_/Q
 _463_/Q
 _464_/Q
 _465_/Q
 _466_/Q
 _467_/Q
 _468_/Q
 _469_/Q
 _470_/Q
 _471_/Q
 _472_/Q
 _473_/Q
 _474_/Q
 _475_/Q
 _476_/Q
 _477_/Q
 _478_/Q
 _479_/Q
 _480_/Q
 _481_/Q
 _482_/Q
 _483_/Q
 _484_/Q
 _485_/Q
 clkbuf_0_clk/X
 clkbuf_2_0__f_clk/X
 clkbuf_2_1__f_clk/X
 clkbuf_2_2__f_clk/X
 clkbuf_2_3__f_clk/X
 hold1/X
 hold10/X
 hold11/X
 hold12/X
 hold13/X
 hold14/X
 hold15/X
 hold16/X
 hold17/X
 hold18/X
 hold19/X
 hold2/X
 hold20/X
 hold21/X
 hold22/X
 hold23/X
 hold24/X
 hold25/X
 hold26/X
 hold27/X
 hold3/X
 hold4/X
 hold5/X
 hold6/X
 hold7/X
 hold8/X
 hold9/X
 input1/X
 input10/X
 input2/X
 input3/X
 input4/X
 input5/X
 input6/X
 input7/X
 input8/X
 input9/X
 output11/X
 output12/X
 output13/X
 output14/X
 output15/X
 output16/X
 output17/X
 output18/X
 output19/X
 output20/X
 output21/X
 output22/X
 output23/X
 output24/X
 output25/X
 output26/X
 output27/X
 output28/X
Found 0 partially unannotated drivers.

===========================================================================
max slew violation count 0
max fanout violation count 4
max cap violation count 0
============================================================================

===========================================================================
check_setup -verbose -unconstrained_endpoints -multiple_clock -no_clock -no_input_delay -loops -generated_clocks
===========================================================================
